

================================================================
== Vitis HLS Report for 'forward'
================================================================
* Date:           Sun Jul 12 04:20:49 2026

* Version:        2025.2 (Build 6295257 on Nov 14 2025)
* Project:        forward
* Solution:       hls (Vitis Kernel Flow Target)
* Product family: zynquplus
* Target device:  xck26-sfvc784-2LV-c


================================================================
== Performance Estimates
================================================================
+ Timing: 
    * Summary: 
    +--------+----------+----------+------------+
    |  Clock |  Target  | Estimated| Uncertainty|
    +--------+----------+----------+------------+
    |ap_clk  |  10.00 ns|  9.705 ns|     2.70 ns|
    +--------+----------+----------+------------+

+ Latency: 
    * Summary: 
    +------------+------------+------------+------------+------------+------------+---------+
    |     Latency (cycles)    |    Latency (absolute)   |         Interval        | Pipeline|
    |     min    |     max    |     min    |     max    |     min    |     max    |   Type  |
    +------------+------------+------------+------------+------------+------------+---------+
    |  1246685577|  1285371785|  12.467 sec|  12.854 sec|  1246685578|  1285371786|       no|
    +------------+------------+------------+------------+------------+------------+---------+

    + Detail: 
        * Instance: 
        +---------------------------------------------------+----------------------------------------+-----------+-----------+-----------+-----------+-----------+-----------+-------------------+
        |                                                   |                                        |    Latency (cycles)   |   Latency (absolute)  |        Interval       |      Pipeline     |
        |                      Instance                     |                 Module                 |    min    |    max    |    min    |    max    |    min    |    max    |        Type       |
        +---------------------------------------------------+----------------------------------------+-----------+-----------+-----------+-----------+-----------+-----------+-------------------+
        |grp_forward_Pipeline_embed_dequant_fu_602          |forward_Pipeline_embed_dequant          |       4176|       4176|  41.760 us|  41.760 us|          0|          0|  loop pipeline stp|
        |grp_rmsnorm_2048_s_fu_612                          |rmsnorm_2048_s                          |      18541|      18541|   0.185 ms|   0.185 ms|      18541|      18541|                 no|
        |grp_quantize_2048_s_fu_622                         |quantize_2048_s                         |       5121|       5121|  51.210 us|  51.210 us|       5121|       5121|                 no|
        |grp_matmul_2048_2048_s_fu_629                      |matmul_2048_2048_s                      |    4196417|    4196417|  41.964 ms|  41.964 ms|    4196417|    4196417|                 no|
        |grp_matmul_2048_512_s_fu_640                       |matmul_2048_512_s                       |    1050689|    1050689|  10.507 ms|  10.507 ms|    1050689|    1050689|                 no|
        |grp_forward_Pipeline_rotation1_fu_651              |forward_Pipeline_rotation1              |       8220|       8220|  82.200 us|  82.200 us|          0|          0|  loop pipeline stp|
        |grp_forward_Pipeline_rotation2_fu_666              |forward_Pipeline_rotation2              |      24599|      24599|   0.246 ms|   0.246 ms|          0|          0|  loop pipeline stp|
        |grp_forward_Pipeline_4_fu_680                      |forward_Pipeline_4                      |        515|        515|   5.150 us|   5.150 us|          0|          0|  loop pipeline stp|
        |grp_forward_Pipeline_5_fu_688                      |forward_Pipeline_5                      |        515|        515|   5.150 us|   5.150 us|          0|          0|  loop pipeline stp|
        |grp_forward_Pipeline_init_y_num_fu_696             |forward_Pipeline_init_y_num             |         66|         66|   0.660 us|   0.660 us|          0|          0|  loop pipeline stp|
        |grp_forward_Pipeline_load_kv_bram_fu_701           |forward_Pipeline_load_kv_bram           |         66|         66|   0.660 us|   0.660 us|          0|          0|  loop pipeline stp|
        |grp_forward_Pipeline_8_fu_710                      |forward_Pipeline_8                      |         67|         67|   0.670 us|   0.670 us|          0|          0|  loop pipeline stp|
        |grp_forward_Pipeline_9_fu_718                      |forward_Pipeline_9                      |         67|         67|   0.670 us|   0.670 us|          0|          0|  loop pipeline stp|
        |grp_forward_Pipeline_qk_dot_product_fu_726         |forward_Pipeline_qk_dot_product         |         41|         41|   0.410 us|   0.410 us|          0|          0|  loop pipeline stp|
        |grp_forward_Pipeline_update_y_num_standard_fu_742  |forward_Pipeline_update_y_num_standard  |         74|         74|   0.740 us|   0.740 us|          0|          0|  loop pipeline stp|
        |grp_forward_Pipeline_normalize_output_fu_750       |forward_Pipeline_normalize_output       |         70|         70|   0.700 us|   0.700 us|          0|          0|  loop pipeline stp|
        |grp_forward_Pipeline_residual_fu_758               |forward_Pipeline_residual               |       2055|       2055|  20.550 us|  20.550 us|          0|          0|  loop pipeline stp|
        |grp_matmul_2048_8192_s_fu_764                      |matmul_2048_8192_s                      |   16779329|   16779329|  0.168 sec|  0.168 sec|   16779329|   16779329|                 no|
        |grp_forward_Pipeline_swi_glu_fu_775                |forward_Pipeline_swi_glu                |      49176|      49176|   0.492 ms|   0.492 ms|          0|          0|  loop pipeline stp|
        |grp_forward_Pipeline_15_fu_782                     |forward_Pipeline_15                     |       8194|       8194|  81.940 us|  81.940 us|          0|          0|  loop pipeline stp|
        |grp_forward_Pipeline_max_loop_fu_788               |forward_Pipeline_max_loop               |         68|         68|   0.680 us|   0.680 us|          0|          0|  loop pipeline stp|
        |grp_matmul_8192_2048_s_fu_795                      |matmul_8192_2048_s                      |   16785473|   16785473|  0.168 sec|  0.168 sec|   16785473|   16785473|                 no|
        |grp_forward_Pipeline_q_loop_fu_806                 |forward_Pipeline_q_loop                 |         77|         77|   0.770 us|   0.770 us|          0|          0|  loop pipeline stp|
        |grp_forward_Pipeline_residual2_fu_814              |forward_Pipeline_residual2              |       2055|       2055|  20.550 us|  20.550 us|          0|          0|  loop pipeline stp|
        |grp_rmsnorm_2048_1_fu_820                          |rmsnorm_2048_1                          |      18517|      18517|   0.185 ms|   0.185 ms|      18517|      18517|                 no|
        |grp_matmul_2048_128256_s_fu_828                    |matmul_2048_128256_s                    |  270622281|  270622281|  2.706 sec|  2.706 sec|  270622281|  270622281|                 no|
        +---------------------------------------------------+----------------------------------------+-----------+-----------+-----------+-----------+-----------+-----------+-------------------+

        * Loop: 
        +--------------------------+-----------+------------+---------------------+-----------+-----------+---------+----------+
        |                          |    Latency (cycles)    |      Iteration      |  Initiation Interval  |   Trip  |          |
        |         Loop Name        |    min    |     max    |       Latency       |  achieved |   target  |  Count  | Pipelined|
        +--------------------------+-----------+------------+---------------------+-----------+-----------+---------+----------+
        |- main_forward_loop       |  976035472|  1014721680|  61002217 ~ 63420105|          -|          -|       16|        no|
        | + multihead_attention    |       4768|     2422656|          149 ~ 75708|          -|          -|       32|        no|
        |  ++ attention_timesteps  |        222|       75558|            222 ~ 294|          -|          -|  1 ~ 257|        no|
        | + groups                 |      20480|       20480|                  160|          -|          -|      128|        no|
        +--------------------------+-----------+------------+---------------------+-----------+-----------+---------+----------+



================================================================
== Utilization Estimates
================================================================
* Summary: 
+-----------------+---------+------+--------+--------+-----+
|       Name      | BRAM_18K|  DSP |   FF   |   LUT  | URAM|
+-----------------+---------+------+--------+--------+-----+
|DSP              |        -|     -|       -|       -|    -|
|Expression       |        -|     -|       0|    3006|    -|
|FIFO             |        -|     -|       -|       -|    -|
|Instance         |      145|   212|   50608|   57618|    0|
|Memory           |       81|     -|      23|      12|    0|
|Multiplexer      |        -|     -|       0|    4207|    -|
|Register         |        -|     -|    2939|       -|    -|
+-----------------+---------+------+--------+--------+-----+
|Total            |      226|   212|   53570|   64843|    0|
+-----------------+---------+------+--------+--------+-----+
|Available        |      288|  1248|  234240|  117120|   64|
+-----------------+---------+------+--------+--------+-----+
|Utilization (%)  |       78|    16|      22|      55|    0|
+-----------------+---------+------+--------+--------+-----+

+ Detail: 
    * Instance: 
    +---------------------------------------------------+----------------------------------------+---------+----+------+------+-----+
    |                      Instance                     |                 Module                 | BRAM_18K| DSP|  FF  |  LUT | URAM|
    +---------------------------------------------------+----------------------------------------+---------+----+------+------+-----+
    |control_s_axi_U                                    |control_s_axi                           |        0|   0|   392|   680|    0|
    |fadd_32ns_32ns_32_4_full_dsp_1_U1748               |fadd_32ns_32ns_32_4_full_dsp_1          |        0|   2|   227|   214|    0|
    |fadd_32ns_32ns_32_4_full_dsp_1_U1749               |fadd_32ns_32ns_32_4_full_dsp_1          |        0|   2|   227|   214|    0|
    |faddfsub_32ns_32ns_32_4_full_dsp_1_U1746           |faddfsub_32ns_32ns_32_4_full_dsp_1      |        0|   2|   227|   214|    0|
    |faddfsub_32ns_32ns_32_4_full_dsp_1_U1747           |faddfsub_32ns_32ns_32_4_full_dsp_1      |        0|   2|   227|   214|    0|
    |fcmp_32ns_32ns_1_2_no_dsp_1_U1754                  |fcmp_32ns_32ns_1_2_no_dsp_1             |        0|   0|     0|     0|    0|
    |fdiv_32ns_32ns_32_9_no_dsp_1_U1751                 |fdiv_32ns_32ns_32_9_no_dsp_1            |        0|   0|     0|     0|    0|
    |fdiv_32ns_32ns_32_9_no_dsp_1_U1752                 |fdiv_32ns_32ns_32_9_no_dsp_1            |        0|   0|     0|     0|    0|
    |fexp_32ns_32ns_32_8_full_dsp_1_U1755               |fexp_32ns_32ns_32_8_full_dsp_1          |        0|   7|   324|   905|    0|
    |fmul_32ns_32ns_32_3_max_dsp_1_U1750                |fmul_32ns_32ns_32_3_max_dsp_1           |        0|   3|   128|   135|    0|
    |fmul_32ns_32ns_32_3_max_dsp_1_U1756                |fmul_32ns_32ns_32_3_max_dsp_1           |        0|   3|   128|   135|    0|
    |fmul_32ns_32ns_32_3_max_dsp_1_U1757                |fmul_32ns_32ns_32_3_max_dsp_1           |        0|   3|   128|   135|    0|
    |grp_forward_Pipeline_15_fu_782                     |forward_Pipeline_15                     |        0|   0|    31|    81|    0|
    |grp_forward_Pipeline_4_fu_680                      |forward_Pipeline_4                      |        0|   0|   529|   580|    0|
    |grp_forward_Pipeline_5_fu_688                      |forward_Pipeline_5                      |        0|   0|   529|   580|    0|
    |grp_forward_Pipeline_8_fu_710                      |forward_Pipeline_8                      |        0|   0|  1022|   117|    0|
    |grp_forward_Pipeline_9_fu_718                      |forward_Pipeline_9                      |        0|   0|  1022|   117|    0|
    |grp_forward_Pipeline_embed_dequant_fu_602          |forward_Pipeline_embed_dequant          |        0|   0|   909|  2889|    0|
    |grp_forward_Pipeline_init_y_num_fu_696             |forward_Pipeline_init_y_num             |        0|   0|     9|    56|    0|
    |grp_forward_Pipeline_load_kv_bram_fu_701           |forward_Pipeline_load_kv_bram           |        0|   0|    17|    83|    0|
    |grp_forward_Pipeline_max_loop_fu_788               |forward_Pipeline_max_loop               |        0|   0|   144|   318|    0|
    |grp_forward_Pipeline_normalize_output_fu_750       |forward_Pipeline_normalize_output       |        0|   0|   153|   117|    0|
    |grp_forward_Pipeline_q_loop_fu_806                 |forward_Pipeline_q_loop                 |        0|   0|   280|   966|    0|
    |grp_forward_Pipeline_qk_dot_product_fu_726         |forward_Pipeline_qk_dot_product         |        0|   0|  1373|  1239|    0|
    |grp_forward_Pipeline_residual_fu_758               |forward_Pipeline_residual               |        0|   0|   196|   109|    0|
    |grp_forward_Pipeline_residual2_fu_814              |forward_Pipeline_residual2              |        0|   0|   196|   109|    0|
    |grp_forward_Pipeline_rotation1_fu_651              |forward_Pipeline_rotation1              |        0|   0|   955|  1359|    0|
    |grp_forward_Pipeline_rotation2_fu_666              |forward_Pipeline_rotation2              |        0|   0|   849|  1295|    0|
    |grp_forward_Pipeline_swi_glu_fu_775                |forward_Pipeline_swi_glu                |        0|   0|   751|   442|    0|
    |grp_forward_Pipeline_update_y_num_standard_fu_742  |forward_Pipeline_update_y_num_standard  |        0|   0|   256|   107|    0|
    |gmem0_m_axi_U                                      |gmem0_m_axi                             |       15|   0|  1040|  1109|    0|
    |gmem1_m_axi_U                                      |gmem1_m_axi                             |       29|   0|  1673|  1728|    0|
    |gmem2_m_axi_U                                      |gmem2_m_axi                             |       29|   0|  1673|  1728|    0|
    |gmem3_m_axi_U                                      |gmem3_m_axi                             |        0|   0|  1514|  1671|    0|
    |grp_matmul_2048_128256_s_fu_828                    |matmul_2048_128256_s                    |        0|  32|  5269|  6744|    0|
    |grp_matmul_2048_2048_s_fu_629                      |matmul_2048_2048_s                      |        0|  37|  5120|  6437|    0|
    |grp_matmul_2048_512_s_fu_640                       |matmul_2048_512_s                       |        0|  37|  5110|  6455|    0|
    |grp_matmul_2048_8192_s_fu_764                      |matmul_2048_8192_s                      |        0|  37|  5130|  6448|    0|
    |grp_matmul_8192_2048_s_fu_795                      |matmul_8192_2048_s                      |       64|  32|  7341|  6406|    0|
    |grp_quantize_2048_s_fu_622                         |quantize_2048_s                         |        0|   5|   909|  1961|    0|
    |grp_rmsnorm_2048_1_fu_820                          |rmsnorm_2048_1                          |        4|   0|  2770|  1236|    0|
    |grp_rmsnorm_2048_s_fu_612                          |rmsnorm_2048_s                          |        4|   8|  1830|  2285|    0|
    |sitofp_32s_32_4_no_dsp_1_U1753                     |sitofp_32s_32_4_no_dsp_1                |        0|   0|     0|     0|    0|
    |sitofp_32s_32_4_no_dsp_1_U1758                     |sitofp_32s_32_4_no_dsp_1                |        0|   0|     0|     0|    0|
    +---------------------------------------------------+----------------------------------------+---------+----+------+------+-----+
    |Total                                              |                                        |      145| 212| 50608| 57618|    0|
    +---------------------------------------------------+----------------------------------------+---------+----+------+------+-----+

    * DSP: 
    N/A

    * Memory: 
    +--------------+--------------------------+---------+----+----+-----+------+-----+------+-------------+
    |    Memory    |          Module          | BRAM_18K| FF | LUT| URAM| Words| Bits| Banks| W*Bits*Banks|
    +--------------+--------------------------+---------+----+----+-----+------+-----+------+-------------+
    |COS_LUT_U     |COS_LUT_ROM_AUTO_1R       |        1|   0|   0|    0|   256|   32|     1|         8192|
    |ROPE_FREQS_U  |ROPE_FREQS_ROM_AUTO_1R    |        1|   0|   0|    0|    64|   32|     1|         2048|
    |SIN_LUT_U     |SIN_LUT_ROM_AUTO_1R       |        1|   0|   0|    0|   256|   32|     1|         8192|
    |hb_U          |hb_RAM_2P_BRAM_1R1W       |       16|   0|   0|    0|  8192|   32|     1|       262144|
    |hb2_U         |hb_RAM_2P_BRAM_1R1W       |       16|   0|   0|    0|  8192|   32|     1|       262144|
    |hb_out_U      |hb_out_RAM_AUTO_1R1W      |       16|   0|   0|    0|  8192|   32|     1|       262144|
    |hq_q_U        |hq_q_RAM_2P_BRAM_1R1W     |        4|   0|   0|    0|  8192|    8|     1|        65536|
    |hq_s_U        |hq_s_RAM_2P_BRAM_1R1W     |        1|   0|   0|    0|   128|   32|     1|         4096|
    |k_U           |k_RAM_2P_BRAM_1R1W        |        2|   0|   0|    0|   512|   32|     1|        16384|
    |local_k_U     |local_k_RAM_2P_BRAM_1R1W  |        2|   0|   0|    0|    64|   32|     1|         2048|
    |mask_table_U  |mask_table_ROM_AUTO_1R    |        0|  23|  12|    0|    32|   23|     1|          736|
    |q_U           |q_RAM_2P_BRAM_1R1W        |        4|   0|   0|    0|  2048|   32|     1|        65536|
    |v_U           |v_RAM_2P_BRAM_1R1W        |        1|   0|   0|    0|   512|   32|     1|        16384|
    |x_U           |x_RAM_2P_BRAM_1R1W        |        4|   0|   0|    0|  2048|   32|     1|        65536|
    |xb_U          |x_RAM_2P_BRAM_1R1W        |        4|   0|   0|    0|  2048|   32|     1|        65536|
    |xb2_U         |x_RAM_2P_BRAM_1R1W        |        4|   0|   0|    0|  2048|   32|     1|        65536|
    |xq_q_U        |xq_q_RAM_2P_BRAM_1R1W     |        1|   0|   0|    0|  2048|    8|     1|        16384|
    |xq_s_U        |xq_s_RAM_2P_BRAM_1R1W     |        1|   0|   0|    0|    32|   32|     1|         1024|
    |y_num_U       |y_num_RAM_2P_BRAM_1R1W    |        1|   0|   0|    0|    64|   32|     1|         2048|
    |local_v_U     |y_num_RAM_2P_BRAM_1R1W    |        1|   0|   0|    0|    64|   32|     1|         2048|
    +--------------+--------------------------+---------+----+----+-----+------+-----+------+-------------+
    |Total         |                          |       81|  23|  12|    0| 44992|  583|    20|      1193696|
    +--------------+--------------------------+---------+----+----+-----+------+-----+------+-------------+

    * FIFO: 
    N/A

    * Expression: 
    +-----------------------------------+----------+----+---+----+------------+------------+
    |           Variable Name           | Operation| DSP| FF| LUT| Bitwidth P0| Bitwidth P1|
    +-----------------------------------+----------+----+---+----+------------+------------+
    |add_ln103_1_fu_1156_p2             |         +|   0|  0|  40|          33|          33|
    |add_ln103_2_fu_1173_p2             |         +|   0|  0|  71|          64|          64|
    |add_ln103_3_fu_1188_p2             |         +|   0|  0|  71|          64|          64|
    |add_ln103_4_fu_997_p2              |         +|   0|  0|  12|           5|           1|
    |add_ln103_fu_950_p2                |         +|   0|  0|  40|          33|           1|
    |add_ln106_fu_956_p2                |         +|   0|  0|  71|          64|          29|
    |add_ln108_1_fu_1059_p2             |         +|   0|  0|  71|          64|          64|
    |add_ln108_2_fu_1065_p2             |         +|   0|  0|  71|          64|          23|
    |add_ln108_3_fu_1039_p2             |         +|   0|  0|  34|          27|          27|
    |add_ln108_fu_1049_p2               |         +|   0|  0|  36|          29|          29|
    |add_ln109_1_fu_1110_p2             |         +|   0|  0|  71|          64|          64|
    |add_ln109_2_fu_1116_p2             |         +|   0|  0|  71|          64|          21|
    |add_ln109_3_fu_1090_p2             |         +|   0|  0|  32|          25|          25|
    |add_ln109_fu_1100_p2               |         +|   0|  0|  36|          29|          29|
    |add_ln110_1_fu_1132_p2             |         +|   0|  0|  71|          64|          64|
    |add_ln110_2_fu_1138_p2             |         +|   0|  0|  71|          64|          21|
    |add_ln110_fu_1123_p2               |         +|   0|  0|  36|          29|          29|
    |add_ln165_fu_1229_p2               |         +|   0|  0|  13|           6|           1|
    |add_ln190_fu_1290_p2               |         +|   0|  0|  70|          63|           1|
    |add_ln193_1_fu_1336_p2             |         +|   0|  0|  71|          64|          64|
    |add_ln193_2_fu_1341_p2             |         +|   0|  0|  71|          64|          64|
    |add_ln193_fu_1322_p2               |         +|   0|  0|  69|          62|          62|
    |add_ln283_1_fu_1668_p2             |         +|   0|  0|  71|          64|          64|
    |add_ln283_2_fu_1674_p2             |         +|   0|  0|  71|          64|          23|
    |add_ln283_fu_1659_p2               |         +|   0|  0|  36|          29|          29|
    |add_ln292_fu_961_p2                |         +|   0|  0|  71|          64|          29|
    |add_ln294_1_fu_1694_p2             |         +|   0|  0|  71|          64|          64|
    |add_ln294_2_fu_1700_p2             |         +|   0|  0|  71|          64|          25|
    |add_ln294_3_fu_1245_p2             |         +|   0|  0|  36|          29|          29|
    |add_ln294_fu_1684_p2               |         +|   0|  0|  37|          30|          29|
    |add_ln295_1_fu_1720_p2             |         +|   0|  0|  71|          64|          64|
    |add_ln295_2_fu_1726_p2             |         +|   0|  0|  71|          64|          25|
    |add_ln295_fu_1710_p2               |         +|   0|  0|  38|          31|          30|
    |add_ln318_1_fu_1767_p2             |         +|   0|  0|  71|          64|          64|
    |add_ln318_2_fu_1773_p2             |         +|   0|  0|  71|          64|          25|
    |add_ln318_fu_1758_p2               |         +|   0|  0|  37|          30|          30|
    |add_ln328_fu_1016_p2               |         +|   0|  0|  71|          64|          31|
    |add_ln331_1_fu_1854_p2             |         +|   0|  0|  71|          64|          31|
    |add_ln331_fu_1849_p2               |         +|   0|  0|  71|          64|          31|
    |add_ln34_fu_1739_p2                |         +|   0|  0|  15|           8|           1|
    |and_ln237_1_fu_1501_p2             |       and|   0|  0|   2|           1|           1|
    |and_ln237_fu_1495_p2               |       and|   0|  0|   2|           1|           1|
    |and_ln239_fu_1580_p2               |       and|   0|  0|   2|           1|           1|
    |and_ln259_fu_1597_p2               |       and|   0|  0|   2|           1|           1|
    |and_ln273_fu_1645_p2               |       and|   0|  0|   2|           1|           1|
    |and_ln47_fu_1823_p2                |       and|   0|  0|   2|           1|           1|
    |icmp_ln103_fu_991_p2               |      icmp|   0|  0|  13|           5|           6|
    |icmp_ln165_fu_1223_p2              |      icmp|   0|  0|  14|           6|           7|
    |icmp_ln190_1_fu_1285_p2            |      icmp|   0|  0|  71|          64|          64|
    |icmp_ln190_fu_966_p2               |      icmp|   0|  0|  40|          33|           1|
    |icmp_ln196_fu_1346_p2              |      icmp|   0|  0|  70|          63|          63|
    |icmp_ln237_1_fu_1465_p2            |      icmp|   0|  0|  30|          23|           1|
    |icmp_ln237_2_fu_1477_p2            |      icmp|   0|  0|  15|           8|           2|
    |icmp_ln237_3_fu_1483_p2            |      icmp|   0|  0|  30|          23|           1|
    |icmp_ln237_fu_1459_p2              |      icmp|   0|  0|  15|           8|           2|
    |icmp_ln239_1_fu_1540_p2            |      icmp|   0|  0|  30|          23|           1|
    |icmp_ln239_fu_1534_p2              |      icmp|   0|  0|  15|           8|           2|
    |icmp_ln259_1_fu_1570_p2            |      icmp|   0|  0|  30|          23|           1|
    |icmp_ln259_fu_1564_p2              |      icmp|   0|  0|  15|           8|           2|
    |icmp_ln273_1_fu_1635_p2            |      icmp|   0|  0|  30|          23|           1|
    |icmp_ln273_fu_1629_p2              |      icmp|   0|  0|  15|           8|           2|
    |icmp_ln34_fu_1733_p2               |      icmp|   0|  0|  16|           8|           9|
    |icmp_ln47_2_fu_1811_p2             |      icmp|   0|  0|  30|          23|           1|
    |icmp_ln47_fu_1805_p2               |      icmp|   0|  0|  15|           8|           2|
    |ap_block_state1                    |        or|   0|  0|   2|           1|           1|
    |ap_block_state14_io                |        or|   0|  0|   2|           1|           1|
    |ap_block_state14_on_subcall_done   |        or|   0|  0|   2|           1|           1|
    |ap_block_state160_on_subcall_done  |        or|   0|  0|   2|           1|           1|
    |ap_block_state16_on_subcall_done   |        or|   0|  0|   2|           1|           1|
    |ap_block_state84                   |        or|   0|  0|   2|           1|           1|
    |ap_block_state88_io                |        or|   0|  0|   2|           1|           1|
    |or_ln237_1_fu_1489_p2              |        or|   0|  0|   2|           1|           1|
    |or_ln237_fu_1471_p2                |        or|   0|  0|   2|           1|           1|
    |or_ln239_fu_1576_p2                |        or|   0|  0|   2|           1|           1|
    |or_ln259_fu_1593_p2                |        or|   0|  0|   2|           1|           1|
    |or_ln273_fu_1641_p2                |        or|   0|  0|   2|           1|           1|
    |or_ln47_fu_1817_p2                 |        or|   0|  0|   2|           1|           1|
    |exp_m_fu_1585_p3                   |    select|   0|  0|  32|           1|           1|
    |inv_fu_1834_p3                     |    select|   0|  0|  32|           1|          32|
    |inv_l_fu_1650_p3                   |    select|   0|  0|  32|           1|          32|
    |m_new_fu_1507_p3                   |    select|   0|  0|  32|           1|          32|
    |p_fu_1602_p3                       |    select|   0|  0|  32|           1|           1|
    |select_ln190_fu_972_p3             |    select|   0|  0|  32|           1|          33|
    |select_ln48_fu_1842_p3             |    select|   0|  0|  32|           1|          32|
    +-----------------------------------+----------+----+---+----+------------+------------+
    |Total                              |          |   0|  0|3006|        2361|        1754|
    +-----------------------------------+----------+----+---+----+------------+------------+

    * Multiplexer: 
    +----------------------------------+------+-----------+-----+-----------+
    |               Name               |  LUT | Input Size| Bits| Total Bits|
    +----------------------------------+------+-----------+-----+-----------+
    |COS_LUT_address0                  |    14|          3|    8|         24|
    |COS_LUT_ce0                       |    14|          3|    1|          3|
    |ROPE_FREQS_address0               |    14|          3|    6|         18|
    |ROPE_FREQS_ce0                    |    14|          3|    1|          3|
    |SIN_LUT_address0                  |    14|          3|    8|         24|
    |SIN_LUT_ce0                       |    14|          3|    1|          3|
    |ap_NS_fsm                         |  1340|        252|    1|        252|
    |ap_done                           |     9|          2|    1|          2|
    |curr_l_0_lcssa_reg_577            |     9|          2|   32|         64|
    |curr_l_reg_553                    |     9|          2|   32|         64|
    |g_reg_590                         |     9|          2|    8|         16|
    |gmem0_0_ARADDR                    |    49|          9|   64|        576|
    |gmem0_0_ARLEN                     |    49|          9|   32|        288|
    |gmem0_0_ARVALID                   |    49|          9|    1|          9|
    |gmem0_0_RREADY                    |    49|          9|    1|          9|
    |gmem1_0_ARADDR                    |    14|          3|   64|        192|
    |gmem1_0_ARLEN                     |    14|          3|   32|         96|
    |gmem1_0_ARVALID                   |    14|          3|    1|          3|
    |gmem1_0_AWADDR                    |    14|          3|   64|        192|
    |gmem1_0_AWLEN                     |    14|          3|   32|         96|
    |gmem1_0_AWVALID                   |    14|          3|    1|          3|
    |gmem1_0_BREADY                    |    14|          3|    1|          3|
    |gmem1_0_RREADY                    |     9|          2|    1|          2|
    |gmem1_0_WVALID                    |     9|          2|    1|          2|
    |gmem1_blk_n_AR                    |     9|          2|    1|          2|
    |gmem1_blk_n_AW                    |     9|          2|    1|          2|
    |gmem1_blk_n_B                     |     9|          2|    1|          2|
    |gmem2_0_ARADDR                    |    14|          3|   64|        192|
    |gmem2_0_ARLEN                     |    14|          3|   32|         96|
    |gmem2_0_ARVALID                   |    14|          3|    1|          3|
    |gmem2_0_AWADDR                    |    14|          3|   64|        192|
    |gmem2_0_AWLEN                     |    14|          3|   32|         96|
    |gmem2_0_AWVALID                   |    14|          3|    1|          3|
    |gmem2_0_BREADY                    |    14|          3|    1|          3|
    |gmem2_0_RREADY                    |     9|          2|    1|          2|
    |gmem2_0_WVALID                    |     9|          2|    1|          2|
    |gmem2_blk_n_AR                    |     9|          2|    1|          2|
    |gmem2_blk_n_AW                    |     9|          2|    1|          2|
    |gmem2_blk_n_B                     |     9|          2|    1|          2|
    |gmem3_0_AWVALID                   |     9|          2|    1|          2|
    |gmem3_0_BREADY                    |     9|          2|    1|          2|
    |gmem3_0_WVALID                    |     9|          2|    1|          2|
    |grp_fu_2366_ce                    |    65|         12|    1|         12|
    |grp_fu_2366_p0                    |    65|         12|   32|        384|
    |grp_fu_2366_p1                    |    65|         12|   32|        384|
    |grp_fu_2370_ce                    |    20|          4|    1|          4|
    |grp_fu_2370_p0                    |    20|          4|   32|        128|
    |grp_fu_2370_p1                    |    20|          4|   32|        128|
    |grp_fu_2374_ce                    |    14|          3|    1|          3|
    |grp_fu_2374_p0                    |    14|          3|   32|         96|
    |grp_fu_841_ce                     |    59|         11|    1|         11|
    |grp_fu_841_opcode                 |    65|         13|    2|         26|
    |grp_fu_841_p0                     |    65|         15|   32|        480|
    |grp_fu_841_p1                     |    65|         15|   32|        480|
    |grp_fu_845_opcode                 |    14|          3|    2|          6|
    |grp_fu_845_p0                     |    20|          4|   32|        128|
    |grp_fu_845_p1                     |    20|          4|   32|        128|
    |grp_fu_858_p0                     |    14|          3|   32|         96|
    |grp_fu_858_p1                     |    14|          3|   32|         96|
    |grp_fu_864_ce                     |    26|          5|    1|          5|
    |grp_fu_864_p0                     |    37|          7|   32|        224|
    |grp_fu_864_p1                     |    37|          7|   32|        224|
    |grp_fu_876_ce                     |    20|          4|    1|          4|
    |grp_fu_876_p0                     |    20|          4|   32|        128|
    |grp_fu_880_ce                     |    20|          4|    1|          4|
    |grp_fu_880_opcode                 |    31|          6|    5|         30|
    |grp_fu_880_p0                     |    49|          9|   32|        288|
    |grp_fu_880_p1                     |    37|          7|   32|        224|
    |grp_fu_888_ce                     |     9|          2|    1|          2|
    |grp_fu_888_p1                     |    20|          4|   32|        128|
    |grp_matmul_2048_2048_s_fu_629_wq  |    14|          3|   64|        192|
    |grp_matmul_2048_2048_s_fu_629_ws  |    14|          3|   64|        192|
    |grp_matmul_2048_512_s_fu_640_wq   |    14|          3|   64|        192|
    |grp_matmul_2048_512_s_fu_640_ws   |    14|          3|   64|        192|
    |grp_matmul_2048_8192_s_fu_764_wq  |    14|          3|   64|        192|
    |grp_matmul_2048_8192_s_fu_764_ws  |    14|          3|   64|        192|
    |grp_quantize_2048_s_fu_622_x_q0   |    14|          3|   32|         96|
    |grp_rmsnorm_2048_s_fu_612_weight  |    14|          3|   64|        192|
    |h_reg_530                         |     9|          2|    6|         12|
    |hb2_ce0                           |     9|          2|    1|          2|
    |hb2_ce1                           |     9|          2|    1|          2|
    |hb2_we1                           |     9|          2|    1|          2|
    |hb_address0                       |    20|          4|   13|         52|
    |hb_address1                       |    14|          3|   13|         39|
    |hb_ce0                            |    20|          4|    1|          4|
    |hb_ce1                            |    14|          3|    1|          3|
    |hb_d1                             |    14|          3|   32|         96|
    |hb_out_address0                   |    14|          3|   13|         39|
    |hb_out_ce0                        |    14|          3|    1|          3|
    |hb_out_we0                        |     9|          2|    1|          2|
    |hb_we1                            |    14|          3|    1|          3|
    |hq_q_ce0                          |     9|          2|    1|          2|
    |hq_q_ce1                          |     9|          2|    1|          2|
    |hq_q_we1                          |     9|          2|    1|          2|
    |hq_s_ce0                          |     9|          2|    1|          2|
    |k_address0                        |    20|          4|    9|         36|
    |k_address1                        |    14|          3|    9|         27|
    |k_ce0                             |    20|          4|    1|          4|
    |k_ce1                             |    14|          3|    1|          3|
    |k_d1                              |    14|          3|   32|         96|
    |k_we1                             |    14|          3|    1|          3|
    |l_fu_336                          |     9|          2|    5|         10|
    |local_k_address1                  |    20|          4|    6|         24|
    |local_k_ce0                       |     9|          2|    1|          2|
    |local_k_ce1                       |    20|          4|    1|          4|
    |local_k_d1                        |    14|          3|   32|         96|
    |local_k_we1                       |    14|          3|    1|          3|
    |local_v_address1                  |    14|          3|    6|         18|
    |local_v_ce0                       |     9|          2|    1|          2|
    |local_v_ce1                       |    14|          3|    1|          3|
    |local_v_d1                        |    14|          3|   32|         96|
    |local_v_we1                       |    14|          3|    1|          3|
    |m_reg_565                         |     9|          2|   32|         64|
    |mask_table_address0               |    14|          3|    5|         15|
    |mask_table_ce0                    |    14|          3|    1|          3|
    |q_address0                        |    20|          4|   11|         44|
    |q_address1                        |    26|          5|   11|         55|
    |q_ce0                             |    20|          4|    1|          4|
    |q_ce1                             |    26|          5|    1|          5|
    |q_d1                              |    20|          4|   32|        128|
    |q_we1                             |    20|          4|    1|          4|
    |t_reg_542                         |     9|          2|   63|        126|
    |v_address0                        |    14|          3|    9|         27|
    |v_ce0                             |    14|          3|    1|          3|
    |v_ce1                             |     9|          2|    1|          2|
    |v_we1                             |     9|          2|    1|          2|
    |x_address0                        |    31|          6|   11|         66|
    |x_address1                        |    26|          5|   11|         55|
    |x_ce0                             |    31|          6|    1|          6|
    |x_ce1                             |    26|          5|    1|          5|
    |x_d1                              |    26|          5|   32|        160|
    |x_we1                             |    26|          5|    1|          5|
    |xb2_ce0                           |     9|          2|    1|          2|
    |xb2_ce1                           |     9|          2|    1|          2|
    |xb2_we1                           |     9|          2|    1|          2|
    |xb_address0                       |    14|          3|   11|         33|
    |xb_address1                       |    20|          4|   11|         44|
    |xb_ce0                            |    14|          3|    1|          3|
    |xb_ce1                            |    20|          4|    1|          4|
    |xb_d1                             |    20|          4|   32|        128|
    |xb_we1                            |    20|          4|    1|          4|
    |xq_q_address0                     |    26|          5|   11|         55|
    |xq_q_ce0                          |    26|          5|    1|          5|
    |xq_q_ce1                          |     9|          2|    1|          2|
    |xq_q_we1                          |     9|          2|    1|          2|
    |xq_s_address0                     |    26|          5|    5|         25|
    |xq_s_ce0                          |    26|          5|    1|          5|
    |xq_s_ce1                          |     9|          2|    1|          2|
    |xq_s_we1                          |     9|          2|    1|          2|
    |y_num_address0                    |    14|          3|    6|         18|
    |y_num_address1                    |    14|          3|    6|         18|
    |y_num_ce0                         |    14|          3|    1|          3|
    |y_num_ce1                         |    14|          3|    1|          3|
    |y_num_d1                          |    14|          3|   32|         96|
    |y_num_we1                         |    14|          3|    1|          3|
    +----------------------------------+------+-----------+-----+-----------+
    |Total                             |  4207|        838| 2226|       9779|
    +----------------------------------+------+-----------+-----+-----------+

    * Register: 
    +----------------------------------------------------------------+-----+----+-----+-----------+
    |                              Name                              |  FF | LUT| Bits| Const Bits|
    +----------------------------------------------------------------+-----+----+-----+-----------+
    |add9_reg_2189                                                   |   32|   0|   32|          0|
    |add_ln103_4_reg_2008                                            |    5|   0|    5|          0|
    |add_ln106_reg_1982                                              |   64|   0|   64|          0|
    |add_ln108_1_reg_2034                                            |   64|   0|   64|          0|
    |add_ln108_2_reg_2039                                            |   64|   0|   64|          0|
    |add_ln109_1_reg_2054                                            |   64|   0|   64|          0|
    |add_ln109_2_reg_2059                                            |   64|   0|   64|          0|
    |add_ln110_1_reg_2064                                            |   64|   0|   64|          0|
    |add_ln110_2_reg_2069                                            |   64|   0|   64|          0|
    |add_ln165_reg_2099                                              |    6|   0|    6|          0|
    |add_ln190_reg_2134                                              |   63|   0|   63|          0|
    |add_ln283_1_reg_2278                                            |   64|   0|   64|          0|
    |add_ln283_2_reg_2283                                            |   64|   0|   64|          0|
    |add_ln292_reg_1987                                              |   64|   0|   64|          0|
    |add_ln294_1_reg_2293                                            |   64|   0|   64|          0|
    |add_ln294_2_reg_2298                                            |   64|   0|   64|          0|
    |add_ln294_3_reg_2104                                            |    9|   0|   29|         20|
    |add_ln295_1_reg_2303                                            |   64|   0|   64|          0|
    |add_ln295_2_reg_2308                                            |   64|   0|   64|          0|
    |add_ln318_1_reg_2327                                            |   64|   0|   64|          0|
    |add_ln318_2_reg_2332                                            |   64|   0|   64|          0|
    |add_ln328_reg_2024                                              |   64|   0|   64|          0|
    |add_ln331_1_reg_2361                                            |   64|   0|   64|          0|
    |add_ln331_reg_2356                                              |   64|   0|   64|          0|
    |add_ln34_reg_2316                                               |    8|   0|    8|          0|
    |add_reg_2194                                                    |   32|   0|   32|          0|
    |and_ln237_1_reg_2199                                            |    1|   0|    1|          0|
    |and_ln47_reg_2340                                               |    1|   0|    1|          0|
    |and_ln_reg_2115                                                 |    3|   0|    9|          6|
    |ap_CS_fsm                                                       |  251|   0|  251|          0|
    |ap_done_reg                                                     |    1|   0|    1|          0|
    |ap_rst_n_inv                                                    |    1|   0|    1|          0|
    |ap_rst_reg_1                                                    |    1|   0|    1|          0|
    |ap_rst_reg_2                                                    |    1|   0|    1|          0|
    |conv_reg_1971                                                   |   32|   0|   32|          0|
    |curr_l_0_lcssa_reg_577                                          |   32|   0|   32|          0|
    |curr_l_reg_553                                                  |   32|   0|   32|          0|
    |div20_i_reg_2346                                                |   32|   0|   32|          0|
    |exp_m_reg_2241                                                  |   32|   0|   32|          0|
    |g_reg_590                                                       |    8|   0|    8|          0|
    |grp_forward_Pipeline_15_fu_782_ap_start_reg                     |    1|   0|    1|          0|
    |grp_forward_Pipeline_4_fu_680_ap_start_reg                      |    1|   0|    1|          0|
    |grp_forward_Pipeline_5_fu_688_ap_start_reg                      |    1|   0|    1|          0|
    |grp_forward_Pipeline_8_fu_710_ap_start_reg                      |    1|   0|    1|          0|
    |grp_forward_Pipeline_9_fu_718_ap_start_reg                      |    1|   0|    1|          0|
    |grp_forward_Pipeline_embed_dequant_fu_602_ap_start_reg          |    1|   0|    1|          0|
    |grp_forward_Pipeline_init_y_num_fu_696_ap_start_reg             |    1|   0|    1|          0|
    |grp_forward_Pipeline_load_kv_bram_fu_701_ap_start_reg           |    1|   0|    1|          0|
    |grp_forward_Pipeline_max_loop_fu_788_ap_start_reg               |    1|   0|    1|          0|
    |grp_forward_Pipeline_normalize_output_fu_750_ap_start_reg       |    1|   0|    1|          0|
    |grp_forward_Pipeline_q_loop_fu_806_ap_start_reg                 |    1|   0|    1|          0|
    |grp_forward_Pipeline_qk_dot_product_fu_726_ap_start_reg         |    1|   0|    1|          0|
    |grp_forward_Pipeline_residual2_fu_814_ap_start_reg              |    1|   0|    1|          0|
    |grp_forward_Pipeline_residual_fu_758_ap_start_reg               |    1|   0|    1|          0|
    |grp_forward_Pipeline_rotation1_fu_651_ap_start_reg              |    1|   0|    1|          0|
    |grp_forward_Pipeline_rotation2_fu_666_ap_start_reg              |    1|   0|    1|          0|
    |grp_forward_Pipeline_swi_glu_fu_775_ap_start_reg                |    1|   0|    1|          0|
    |grp_forward_Pipeline_update_y_num_standard_fu_742_ap_start_reg  |    1|   0|    1|          0|
    |grp_matmul_2048_128256_s_fu_828_ap_start_reg                    |    1|   0|    1|          0|
    |grp_matmul_2048_2048_s_fu_629_ap_start_reg                      |    1|   0|    1|          0|
    |grp_matmul_2048_512_s_fu_640_ap_start_reg                       |    1|   0|    1|          0|
    |grp_matmul_2048_8192_s_fu_764_ap_start_reg                      |    1|   0|    1|          0|
    |grp_matmul_8192_2048_s_fu_795_ap_start_reg                      |    1|   0|    1|          0|
    |grp_quantize_2048_s_fu_622_ap_start_reg                         |    1|   0|    1|          0|
    |grp_rmsnorm_2048_1_fu_820_ap_start_reg                          |    1|   0|    1|          0|
    |grp_rmsnorm_2048_s_fu_612_ap_start_reg                          |    1|   0|    1|          0|
    |h_reg_530                                                       |    6|   0|    6|          0|
    |icmp_ln196_reg_2139                                             |    1|   0|    1|          0|
    |icmp_ln239_1_reg_2216                                           |    1|   0|    1|          0|
    |icmp_ln239_reg_2211                                             |    1|   0|    1|          0|
    |icmp_ln259_1_reg_2231                                           |    1|   0|    1|          0|
    |icmp_ln259_reg_2226                                             |    1|   0|    1|          0|
    |icmp_ln273_1_reg_2263                                           |    1|   0|    1|          0|
    |icmp_ln273_reg_2258                                             |    1|   0|    1|          0|
    |inv_l_reg_2273                                                  |   32|   0|   32|          0|
    |inv_reg_2351                                                    |   32|   0|   32|          0|
    |key_cache_read_reg_1943                                         |   64|   0|   64|          0|
    |l_fu_336                                                        |    5|   0|    5|          0|
    |m_new_reg_2204                                                  |   32|   0|   32|          0|
    |m_reg_565                                                       |   32|   0|   32|          0|
    |out_r_read_reg_1932                                             |   64|   0|   64|          0|
    |p_reg_2247                                                      |   32|   0|   32|          0|
    |p_shl2_reg_2044                                                 |    5|   0|   25|         20|
    |pos_r_read_reg_1866                                             |   32|   0|   32|          0|
    |reg_893                                                         |   32|   0|   32|          0|
    |reg_901                                                         |   32|   0|   32|          0|
    |reg_908                                                         |   32|   0|   32|          0|
    |reg_915                                                         |   32|   0|   32|          0|
    |row_base_reg_1966                                               |   32|   0|   32|          0|
    |sext_ln103_1_reg_1992                                           |   64|   0|   64|          0|
    |sext_ln103_2_reg_1997                                           |   33|   0|   33|          0|
    |shl_ln3_reg_2019                                                |    4|   0|   15|         11|
    |shl_ln5_reg_2125                                                |    5|   0|   11|          6|
    |shl_ln7_reg_2321                                                |    7|   0|   13|          6|
    |t_reg_542                                                       |   63|   0|   63|          0|
    |tmp_11_reg_2268                                                 |    1|   0|    1|          0|
    |tmp_19_reg_2110                                                 |    3|   0|    3|          0|
    |tmp_24_reg_2221                                                 |    1|   0|    1|          0|
    |tmp_26_reg_2236                                                 |    1|   0|    1|          0|
    |tmp_reg_1928                                                    |    1|   0|    1|          0|
    |transformer_read_reg_1949                                       |   64|   0|   64|          0|
    |trunc_ln106_reg_2013                                            |    4|   0|    4|          0|
    |trunc_ln168_reg_2120                                            |    5|   0|    5|          0|
    |trunc_ln1_reg_2080                                              |   58|   0|   58|          0|
    |trunc_ln2_reg_2143                                              |   58|   0|   58|          0|
    |trunc_ln3_reg_2149                                              |   58|   0|   58|          0|
    |trunc_ln_reg_2074                                               |   58|   0|   58|          0|
    |value_cache_read_reg_1937                                       |   64|   0|   64|          0|
    |zext_ln103_reg_1977                                             |   32|   0|   63|         31|
    |zext_ln108_reg_2029                                             |    9|   0|   29|         20|
    |zext_ln109_reg_2049                                             |    9|   0|   29|         20|
    |zext_ln294_3_reg_2288                                           |    9|   0|   30|         21|
    +----------------------------------------------------------------+-----+----+-----+-----------+
    |Total                                                           | 2939|   0| 3100|        161|
    +----------------------------------------------------------------+-----+----+-----+-----------+



================================================================
== Interface
================================================================
* Summary: 
+-----------------------+-----+-----+---------------+--------------+--------------+
|       RTL Ports       | Dir | Bits|    Protocol   | Source Object|    C Type    |
+-----------------------+-----+-----+---------------+--------------+--------------+
|s_axi_control_AWVALID  |   in|    1|          s_axi|       control|        scalar|
|s_axi_control_AWREADY  |  out|    1|          s_axi|       control|        scalar|
|s_axi_control_AWADDR   |   in|    7|          s_axi|       control|        scalar|
|s_axi_control_WVALID   |   in|    1|          s_axi|       control|        scalar|
|s_axi_control_WREADY   |  out|    1|          s_axi|       control|        scalar|
|s_axi_control_WDATA    |   in|   32|          s_axi|       control|        scalar|
|s_axi_control_WSTRB    |   in|    4|          s_axi|       control|        scalar|
|s_axi_control_ARVALID  |   in|    1|          s_axi|       control|        scalar|
|s_axi_control_ARREADY  |  out|    1|          s_axi|       control|        scalar|
|s_axi_control_ARADDR   |   in|    7|          s_axi|       control|        scalar|
|s_axi_control_RVALID   |  out|    1|          s_axi|       control|        scalar|
|s_axi_control_RREADY   |   in|    1|          s_axi|       control|        scalar|
|s_axi_control_RDATA    |  out|   32|          s_axi|       control|        scalar|
|s_axi_control_RRESP    |  out|    2|          s_axi|       control|        scalar|
|s_axi_control_BVALID   |  out|    1|          s_axi|       control|        scalar|
|s_axi_control_BREADY   |   in|    1|          s_axi|       control|        scalar|
|s_axi_control_BRESP    |  out|    2|          s_axi|       control|        scalar|
|ap_clk                 |   in|    1|  ap_ctrl_chain|       forward|  return value|
|ap_rst_n               |   in|    1|  ap_ctrl_chain|       forward|  return value|
|interrupt              |  out|    1|  ap_ctrl_chain|       forward|  return value|
|m_axi_gmem0_AWVALID    |  out|    1|          m_axi|         gmem0|       pointer|
|m_axi_gmem0_AWREADY    |   in|    1|          m_axi|         gmem0|       pointer|
|m_axi_gmem0_AWADDR     |  out|   64|          m_axi|         gmem0|       pointer|
|m_axi_gmem0_AWID       |  out|    1|          m_axi|         gmem0|       pointer|
|m_axi_gmem0_AWLEN      |  out|    8|          m_axi|         gmem0|       pointer|
|m_axi_gmem0_AWSIZE     |  out|    3|          m_axi|         gmem0|       pointer|
|m_axi_gmem0_AWBURST    |  out|    2|          m_axi|         gmem0|       pointer|
|m_axi_gmem0_AWLOCK     |  out|    2|          m_axi|         gmem0|       pointer|
|m_axi_gmem0_AWCACHE    |  out|    4|          m_axi|         gmem0|       pointer|
|m_axi_gmem0_AWPROT     |  out|    3|          m_axi|         gmem0|       pointer|
|m_axi_gmem0_AWQOS      |  out|    4|          m_axi|         gmem0|       pointer|
|m_axi_gmem0_AWREGION   |  out|    4|          m_axi|         gmem0|       pointer|
|m_axi_gmem0_AWUSER     |  out|    1|          m_axi|         gmem0|       pointer|
|m_axi_gmem0_WVALID     |  out|    1|          m_axi|         gmem0|       pointer|
|m_axi_gmem0_WREADY     |   in|    1|          m_axi|         gmem0|       pointer|
|m_axi_gmem0_WDATA      |  out|  256|          m_axi|         gmem0|       pointer|
|m_axi_gmem0_WSTRB      |  out|   32|          m_axi|         gmem0|       pointer|
|m_axi_gmem0_WLAST      |  out|    1|          m_axi|         gmem0|       pointer|
|m_axi_gmem0_WID        |  out|    1|          m_axi|         gmem0|       pointer|
|m_axi_gmem0_WUSER      |  out|    1|          m_axi|         gmem0|       pointer|
|m_axi_gmem0_ARVALID    |  out|    1|          m_axi|         gmem0|       pointer|
|m_axi_gmem0_ARREADY    |   in|    1|          m_axi|         gmem0|       pointer|
|m_axi_gmem0_ARADDR     |  out|   64|          m_axi|         gmem0|       pointer|
|m_axi_gmem0_ARID       |  out|    1|          m_axi|         gmem0|       pointer|
|m_axi_gmem0_ARLEN      |  out|    8|          m_axi|         gmem0|       pointer|
|m_axi_gmem0_ARSIZE     |  out|    3|          m_axi|         gmem0|       pointer|
|m_axi_gmem0_ARBURST    |  out|    2|          m_axi|         gmem0|       pointer|
|m_axi_gmem0_ARLOCK     |  out|    2|          m_axi|         gmem0|       pointer|
|m_axi_gmem0_ARCACHE    |  out|    4|          m_axi|         gmem0|       pointer|
|m_axi_gmem0_ARPROT     |  out|    3|          m_axi|         gmem0|       pointer|
|m_axi_gmem0_ARQOS      |  out|    4|          m_axi|         gmem0|       pointer|
|m_axi_gmem0_ARREGION   |  out|    4|          m_axi|         gmem0|       pointer|
|m_axi_gmem0_ARUSER     |  out|    1|          m_axi|         gmem0|       pointer|
|m_axi_gmem0_RVALID     |   in|    1|          m_axi|         gmem0|       pointer|
|m_axi_gmem0_RREADY     |  out|    1|          m_axi|         gmem0|       pointer|
|m_axi_gmem0_RDATA      |   in|  256|          m_axi|         gmem0|       pointer|
|m_axi_gmem0_RLAST      |   in|    1|          m_axi|         gmem0|       pointer|
|m_axi_gmem0_RID        |   in|    1|          m_axi|         gmem0|       pointer|
|m_axi_gmem0_RUSER      |   in|    1|          m_axi|         gmem0|       pointer|
|m_axi_gmem0_RRESP      |   in|    2|          m_axi|         gmem0|       pointer|
|m_axi_gmem0_BVALID     |   in|    1|          m_axi|         gmem0|       pointer|
|m_axi_gmem0_BREADY     |  out|    1|          m_axi|         gmem0|       pointer|
|m_axi_gmem0_BRESP      |   in|    2|          m_axi|         gmem0|       pointer|
|m_axi_gmem0_BID        |   in|    1|          m_axi|         gmem0|       pointer|
|m_axi_gmem0_BUSER      |   in|    1|          m_axi|         gmem0|       pointer|
|m_axi_gmem1_AWVALID    |  out|    1|          m_axi|         gmem1|       pointer|
|m_axi_gmem1_AWREADY    |   in|    1|          m_axi|         gmem1|       pointer|
|m_axi_gmem1_AWADDR     |  out|   64|          m_axi|         gmem1|       pointer|
|m_axi_gmem1_AWID       |  out|    1|          m_axi|         gmem1|       pointer|
|m_axi_gmem1_AWLEN      |  out|    8|          m_axi|         gmem1|       pointer|
|m_axi_gmem1_AWSIZE     |  out|    3|          m_axi|         gmem1|       pointer|
|m_axi_gmem1_AWBURST    |  out|    2|          m_axi|         gmem1|       pointer|
|m_axi_gmem1_AWLOCK     |  out|    2|          m_axi|         gmem1|       pointer|
|m_axi_gmem1_AWCACHE    |  out|    4|          m_axi|         gmem1|       pointer|
|m_axi_gmem1_AWPROT     |  out|    3|          m_axi|         gmem1|       pointer|
|m_axi_gmem1_AWQOS      |  out|    4|          m_axi|         gmem1|       pointer|
|m_axi_gmem1_AWREGION   |  out|    4|          m_axi|         gmem1|       pointer|
|m_axi_gmem1_AWUSER     |  out|    1|          m_axi|         gmem1|       pointer|
|m_axi_gmem1_WVALID     |  out|    1|          m_axi|         gmem1|       pointer|
|m_axi_gmem1_WREADY     |   in|    1|          m_axi|         gmem1|       pointer|
|m_axi_gmem1_WDATA      |  out|  512|          m_axi|         gmem1|       pointer|
|m_axi_gmem1_WSTRB      |  out|   64|          m_axi|         gmem1|       pointer|
|m_axi_gmem1_WLAST      |  out|    1|          m_axi|         gmem1|       pointer|
|m_axi_gmem1_WID        |  out|    1|          m_axi|         gmem1|       pointer|
|m_axi_gmem1_WUSER      |  out|    1|          m_axi|         gmem1|       pointer|
|m_axi_gmem1_ARVALID    |  out|    1|          m_axi|         gmem1|       pointer|
|m_axi_gmem1_ARREADY    |   in|    1|          m_axi|         gmem1|       pointer|
|m_axi_gmem1_ARADDR     |  out|   64|          m_axi|         gmem1|       pointer|
|m_axi_gmem1_ARID       |  out|    1|          m_axi|         gmem1|       pointer|
|m_axi_gmem1_ARLEN      |  out|    8|          m_axi|         gmem1|       pointer|
|m_axi_gmem1_ARSIZE     |  out|    3|          m_axi|         gmem1|       pointer|
|m_axi_gmem1_ARBURST    |  out|    2|          m_axi|         gmem1|       pointer|
|m_axi_gmem1_ARLOCK     |  out|    2|          m_axi|         gmem1|       pointer|
|m_axi_gmem1_ARCACHE    |  out|    4|          m_axi|         gmem1|       pointer|
|m_axi_gmem1_ARPROT     |  out|    3|          m_axi|         gmem1|       pointer|
|m_axi_gmem1_ARQOS      |  out|    4|          m_axi|         gmem1|       pointer|
|m_axi_gmem1_ARREGION   |  out|    4|          m_axi|         gmem1|       pointer|
|m_axi_gmem1_ARUSER     |  out|    1|          m_axi|         gmem1|       pointer|
|m_axi_gmem1_RVALID     |   in|    1|          m_axi|         gmem1|       pointer|
|m_axi_gmem1_RREADY     |  out|    1|          m_axi|         gmem1|       pointer|
|m_axi_gmem1_RDATA      |   in|  512|          m_axi|         gmem1|       pointer|
|m_axi_gmem1_RLAST      |   in|    1|          m_axi|         gmem1|       pointer|
|m_axi_gmem1_RID        |   in|    1|          m_axi|         gmem1|       pointer|
|m_axi_gmem1_RUSER      |   in|    1|          m_axi|         gmem1|       pointer|
|m_axi_gmem1_RRESP      |   in|    2|          m_axi|         gmem1|       pointer|
|m_axi_gmem1_BVALID     |   in|    1|          m_axi|         gmem1|       pointer|
|m_axi_gmem1_BREADY     |  out|    1|          m_axi|         gmem1|       pointer|
|m_axi_gmem1_BRESP      |   in|    2|          m_axi|         gmem1|       pointer|
|m_axi_gmem1_BID        |   in|    1|          m_axi|         gmem1|       pointer|
|m_axi_gmem1_BUSER      |   in|    1|          m_axi|         gmem1|       pointer|
|m_axi_gmem2_AWVALID    |  out|    1|          m_axi|         gmem2|       pointer|
|m_axi_gmem2_AWREADY    |   in|    1|          m_axi|         gmem2|       pointer|
|m_axi_gmem2_AWADDR     |  out|   64|          m_axi|         gmem2|       pointer|
|m_axi_gmem2_AWID       |  out|    1|          m_axi|         gmem2|       pointer|
|m_axi_gmem2_AWLEN      |  out|    8|          m_axi|         gmem2|       pointer|
|m_axi_gmem2_AWSIZE     |  out|    3|          m_axi|         gmem2|       pointer|
|m_axi_gmem2_AWBURST    |  out|    2|          m_axi|         gmem2|       pointer|
|m_axi_gmem2_AWLOCK     |  out|    2|          m_axi|         gmem2|       pointer|
|m_axi_gmem2_AWCACHE    |  out|    4|          m_axi|         gmem2|       pointer|
|m_axi_gmem2_AWPROT     |  out|    3|          m_axi|         gmem2|       pointer|
|m_axi_gmem2_AWQOS      |  out|    4|          m_axi|         gmem2|       pointer|
|m_axi_gmem2_AWREGION   |  out|    4|          m_axi|         gmem2|       pointer|
|m_axi_gmem2_AWUSER     |  out|    1|          m_axi|         gmem2|       pointer|
|m_axi_gmem2_WVALID     |  out|    1|          m_axi|         gmem2|       pointer|
|m_axi_gmem2_WREADY     |   in|    1|          m_axi|         gmem2|       pointer|
|m_axi_gmem2_WDATA      |  out|  512|          m_axi|         gmem2|       pointer|
|m_axi_gmem2_WSTRB      |  out|   64|          m_axi|         gmem2|       pointer|
|m_axi_gmem2_WLAST      |  out|    1|          m_axi|         gmem2|       pointer|
|m_axi_gmem2_WID        |  out|    1|          m_axi|         gmem2|       pointer|
|m_axi_gmem2_WUSER      |  out|    1|          m_axi|         gmem2|       pointer|
|m_axi_gmem2_ARVALID    |  out|    1|          m_axi|         gmem2|       pointer|
|m_axi_gmem2_ARREADY    |   in|    1|          m_axi|         gmem2|       pointer|
|m_axi_gmem2_ARADDR     |  out|   64|          m_axi|         gmem2|       pointer|
|m_axi_gmem2_ARID       |  out|    1|          m_axi|         gmem2|       pointer|
|m_axi_gmem2_ARLEN      |  out|    8|          m_axi|         gmem2|       pointer|
|m_axi_gmem2_ARSIZE     |  out|    3|          m_axi|         gmem2|       pointer|
|m_axi_gmem2_ARBURST    |  out|    2|          m_axi|         gmem2|       pointer|
|m_axi_gmem2_ARLOCK     |  out|    2|          m_axi|         gmem2|       pointer|
|m_axi_gmem2_ARCACHE    |  out|    4|          m_axi|         gmem2|       pointer|
|m_axi_gmem2_ARPROT     |  out|    3|          m_axi|         gmem2|       pointer|
|m_axi_gmem2_ARQOS      |  out|    4|          m_axi|         gmem2|       pointer|
|m_axi_gmem2_ARREGION   |  out|    4|          m_axi|         gmem2|       pointer|
|m_axi_gmem2_ARUSER     |  out|    1|          m_axi|         gmem2|       pointer|
|m_axi_gmem2_RVALID     |   in|    1|          m_axi|         gmem2|       pointer|
|m_axi_gmem2_RREADY     |  out|    1|          m_axi|         gmem2|       pointer|
|m_axi_gmem2_RDATA      |   in|  512|          m_axi|         gmem2|       pointer|
|m_axi_gmem2_RLAST      |   in|    1|          m_axi|         gmem2|       pointer|
|m_axi_gmem2_RID        |   in|    1|          m_axi|         gmem2|       pointer|
|m_axi_gmem2_RUSER      |   in|    1|          m_axi|         gmem2|       pointer|
|m_axi_gmem2_RRESP      |   in|    2|          m_axi|         gmem2|       pointer|
|m_axi_gmem2_BVALID     |   in|    1|          m_axi|         gmem2|       pointer|
|m_axi_gmem2_BREADY     |  out|    1|          m_axi|         gmem2|       pointer|
|m_axi_gmem2_BRESP      |   in|    2|          m_axi|         gmem2|       pointer|
|m_axi_gmem2_BID        |   in|    1|          m_axi|         gmem2|       pointer|
|m_axi_gmem2_BUSER      |   in|    1|          m_axi|         gmem2|       pointer|
|m_axi_gmem3_AWVALID    |  out|    1|          m_axi|         gmem3|       pointer|
|m_axi_gmem3_AWREADY    |   in|    1|          m_axi|         gmem3|       pointer|
|m_axi_gmem3_AWADDR     |  out|   64|          m_axi|         gmem3|       pointer|
|m_axi_gmem3_AWID       |  out|    1|          m_axi|         gmem3|       pointer|
|m_axi_gmem3_AWLEN      |  out|    8|          m_axi|         gmem3|       pointer|
|m_axi_gmem3_AWSIZE     |  out|    3|          m_axi|         gmem3|       pointer|
|m_axi_gmem3_AWBURST    |  out|    2|          m_axi|         gmem3|       pointer|
|m_axi_gmem3_AWLOCK     |  out|    2|          m_axi|         gmem3|       pointer|
|m_axi_gmem3_AWCACHE    |  out|    4|          m_axi|         gmem3|       pointer|
|m_axi_gmem3_AWPROT     |  out|    3|          m_axi|         gmem3|       pointer|
|m_axi_gmem3_AWQOS      |  out|    4|          m_axi|         gmem3|       pointer|
|m_axi_gmem3_AWREGION   |  out|    4|          m_axi|         gmem3|       pointer|
|m_axi_gmem3_AWUSER     |  out|    1|          m_axi|         gmem3|       pointer|
|m_axi_gmem3_WVALID     |  out|    1|          m_axi|         gmem3|       pointer|
|m_axi_gmem3_WREADY     |   in|    1|          m_axi|         gmem3|       pointer|
|m_axi_gmem3_WDATA      |  out|  512|          m_axi|         gmem3|       pointer|
|m_axi_gmem3_WSTRB      |  out|   64|          m_axi|         gmem3|       pointer|
|m_axi_gmem3_WLAST      |  out|    1|          m_axi|         gmem3|       pointer|
|m_axi_gmem3_WID        |  out|    1|          m_axi|         gmem3|       pointer|
|m_axi_gmem3_WUSER      |  out|    1|          m_axi|         gmem3|       pointer|
|m_axi_gmem3_ARVALID    |  out|    1|          m_axi|         gmem3|       pointer|
|m_axi_gmem3_ARREADY    |   in|    1|          m_axi|         gmem3|       pointer|
|m_axi_gmem3_ARADDR     |  out|   64|          m_axi|         gmem3|       pointer|
|m_axi_gmem3_ARID       |  out|    1|          m_axi|         gmem3|       pointer|
|m_axi_gmem3_ARLEN      |  out|    8|          m_axi|         gmem3|       pointer|
|m_axi_gmem3_ARSIZE     |  out|    3|          m_axi|         gmem3|       pointer|
|m_axi_gmem3_ARBURST    |  out|    2|          m_axi|         gmem3|       pointer|
|m_axi_gmem3_ARLOCK     |  out|    2|          m_axi|         gmem3|       pointer|
|m_axi_gmem3_ARCACHE    |  out|    4|          m_axi|         gmem3|       pointer|
|m_axi_gmem3_ARPROT     |  out|    3|          m_axi|         gmem3|       pointer|
|m_axi_gmem3_ARQOS      |  out|    4|          m_axi|         gmem3|       pointer|
|m_axi_gmem3_ARREGION   |  out|    4|          m_axi|         gmem3|       pointer|
|m_axi_gmem3_ARUSER     |  out|    1|          m_axi|         gmem3|       pointer|
|m_axi_gmem3_RVALID     |   in|    1|          m_axi|         gmem3|       pointer|
|m_axi_gmem3_RREADY     |  out|    1|          m_axi|         gmem3|       pointer|
|m_axi_gmem3_RDATA      |   in|  512|          m_axi|         gmem3|       pointer|
|m_axi_gmem3_RLAST      |   in|    1|          m_axi|         gmem3|       pointer|
|m_axi_gmem3_RID        |   in|    1|          m_axi|         gmem3|       pointer|
|m_axi_gmem3_RUSER      |   in|    1|          m_axi|         gmem3|       pointer|
|m_axi_gmem3_RRESP      |   in|    2|          m_axi|         gmem3|       pointer|
|m_axi_gmem3_BVALID     |   in|    1|          m_axi|         gmem3|       pointer|
|m_axi_gmem3_BREADY     |  out|    1|          m_axi|         gmem3|       pointer|
|m_axi_gmem3_BRESP      |   in|    2|          m_axi|         gmem3|       pointer|
|m_axi_gmem3_BID        |   in|    1|          m_axi|         gmem3|       pointer|
|m_axi_gmem3_BUSER      |   in|    1|          m_axi|         gmem3|       pointer|
+-----------------------+-----+-----+---------------+--------------+--------------+

